---
source: crates/slugcxl-gen/src/emit_runtime.rs
expression: j
---
{
  "schema": "slugcxl.runtime.v1",
  "name": "slugcxl_4x4",
  "flit_bytes": 64,
  "flit_layout": {
    "class_opcode_byte": 0,
    "tag_bytes": [
      1,
      2
    ],
    "addr_bytes": [
      3,
      10
    ],
    "data_bytes": [
      11,
      42
    ],
    "event_id_bytes": [
      43,
      50
    ],
    "phase_id_bytes": [
      51,
      58
    ],
    "status_bytes": [
      59,
      62
    ],
    "control_byte": 63,
    "payload_len_bits": [
      0,
      5
    ],
    "reserved_bit": 6,
    "direction_bit": 7
  },
  "record_layout": {
    "record_bytes": 128,
    "header_bytes": 96,
    "version_bytes": [
      0,
      3
    ],
    "sequence_bytes": [
      4,
      11
    ],
    "event_id_bytes": [
      12,
      19
    ],
    "policy_digest_bytes": [
      20,
      51
    ],
    "epoch_bytes": [
      52,
      59
    ],
    "event_fields_bytes": [
      60,
      63
    ],
    "address_bytes": [
      64,
      71
    ],
    "tag_bytes": [
      72,
      79
    ],
    "status_bytes": [
      80,
      83
    ],
    "capture_header_bytes": [
      84,
      87
    ],
    "reserved_bytes": [
      88,
      95
    ],
    "capture_data_bytes": [
      96,
      127
    ]
  },
  "transport_limits": {
    "local_debug_transport": true,
    "standards_compliant_cxl_flit": false,
    "max_payload_bytes": 32,
    "max_delta_pairs": 16,
    "max_tag_bits": 16,
    "max_opcode_bits": 4,
    "fixed_policy_event_classes": [
      "cxl_mem_read",
      "cxl_mem_write",
      "cxl_mem_data",
      "completion"
    ],
    "match_opcode_supported": false
  },
  "classes": [
    {
      "name": "M2SReq",
      "value": 1,
      "opcodes": [
        {
          "name": "MemRd",
          "value": 0
        },
        {
          "name": "MemRdData",
          "value": 1
        },
        {
          "name": "MemInv",
          "value": 2
        }
      ]
    },
    {
      "name": "M2SRwD",
      "value": 2,
      "opcodes": [
        {
          "name": "MemWr",
          "value": 0
        },
        {
          "name": "MemWrPtl",
          "value": 1
        },
        {
          "name": "MemClnEvct",
          "value": 2
        }
      ]
    },
    {
      "name": "S2MDRS",
      "value": 3,
      "opcodes": [
        {
          "name": "MemData",
          "value": 0
        },
        {
          "name": "MemDataNxm",
          "value": 1
        }
      ]
    },
    {
      "name": "S2MNDR",
      "value": 4,
      "opcodes": [
        {
          "name": "Cmp",
          "value": 0
        },
        {
          "name": "CmpS",
          "value": 1
        },
        {
          "name": "CmpE",
          "value": 2
        },
        {
          "name": "CmpI",
          "value": 3
        },
        {
          "name": "MemPassDirty",
          "value": 4
        },
        {
          "name": "DispatchFailed",
          "value": 15
        }
      ]
    }
  ],
  "address_spaces": [
    {
      "name": "dispatch",
      "base": 8192,
      "length": 4096,
      "readable": true,
      "writable": true
    },
    {
      "name": "result",
      "base": 12288,
      "length": 4096,
      "readable": true,
      "writable": false
    }
  ],
  "attached_wrapper": {
    "module": "gemma_codegen_systolic_array_16x16_df",
    "token_width": 256,
    "dispatch_base": 8192,
    "result_base": 12288
  },
  "hardware_jit": {
    "enabled": true,
    "record_mode": "Validation",
    "epoch_policy": "GemmPhase",
    "sample_stride": 1,
    "metadata_fifo_depth": 512,
    "metadata_record_bytes": 32
  }
}
